python : Traceback 
(most recent call 
last):
At line:1 char:1
+ python -m pytest pipe
line/tests/test_verifie
r.py -v > pytest.log 
2>&1 ...
+ ~~~~~~~~~~~~~~~~~~~~~
~~~~~~~~~~~~~~~~~~~~~~~
~~~~~~~~~~~~~~~~~~~~~~~
~~
    + CategoryInfo     
         : NotSpecifi  
  ed: (Traceback (mo   
 st recent call las    
t)::String) [], Re    
moteException
    + FullyQualifiedEr 
   rorId : NativeComm  
  andError
 
  File "<frozen 
runpy>", line 198, in 
_run_module_as_main
  File "<frozen 
runpy>", line 88, in 
_run_code
  File "C:\Users\asus v
ivoBook\AppData\Local\P
rograms\Python\Python31
2\Lib\site-packages\pyt
est\__main__.py", line 
9, in <module>
    raise SystemExit(py
test.console_main())
                     
^^^^^^^^^^^^^^^^^^^^^
  File "C:\Users\asus v
ivoBook\AppData\Local\P
rograms\Python\Python31
2\Lib\site-packages\_py
test\config\__init__.py
", line 223, in 
console_main
    code = main()
           ^^^^^^
  File "C:\Users\asus v
ivoBook\AppData\Local\P
rograms\Python\Python31
2\Lib\site-packages\_py
test\config\__init__.py
", line 193, in main
    config = _prepareco
nfig(new_args, plugins)
             ^^^^^^^^^^
^^^^^^^^^^^^^^^^^^^^^^^
  File "C:\Users\asus v
ivoBook\AppData\Local\P
rograms\Python\Python31
2\Lib\site-packages\_py
test\config\__init__.py
", line 361, in 
_prepareconfig
    config: Config = pl
uginmanager.hook.pytest
_cmdline_parse(
                     ^^
^^^^^^^^^^^^^^^^^^^^^^^
^^^^^^^^^^^^^^^
  File "C:\Users\asus v
ivoBook\AppData\Local\P
rograms\Python\Python31
2\Lib\site-packages\plu
ggy\_hooks.py", line 
512, in __call__
    return self._hookex
ec(self.name, self._hoo
kimpls.copy(), kwargs, 
firstresult)
           ^^^^^^^^^^^^
^^^^^^^^^^^^^^^^^^^^^^^
^^^^^^^^^^^^^^^^^^^^^^^
^^^^^^^^^^^^
  File "C:\Users\asus v
ivoBook\AppData\Local\P
rograms\Python\Python31
2\Lib\site-packages\plu
ggy\_manager.py", line 
120, in _hookexec
    return self._inner_
hookexec(hook_name, 
methods, kwargs, 
firstresult)
           ^^^^^^^^^^^^
^^^^^^^^^^^^^^^^^^^^^^^
^^^^^^^^^^^^^^^^^^^^^^^
^^^
  File "C:\Users\asus v
ivoBook\AppData\Local\P
rograms\Python\Python31
2\Lib\site-packages\plu
ggy\_callers.py", line 
167, in _multicall
    raise exception
  File "C:\Users\asus v
ivoBook\AppData\Local\P
rograms\Python\Python31
2\Lib\site-packages\plu
ggy\_callers.py", line 
139, in _multicall
    teardown.throw(exce
ption)
  File "C:\Users\asus v
ivoBook\AppData\Local\P
rograms\Python\Python31
2\Lib\site-packages\_py
test\helpconfig.py", 
line 124, in 
pytest_cmdline_parse
    config = yield
             ^^^^^
  File "C:\Users\asus v
ivoBook\AppData\Local\P
rograms\Python\Python31
2\Lib\site-packages\plu
ggy\_callers.py", line 
121, in _multicall
    res = hook_impl.fun
ction(*args)
          ^^^^^^^^^^^^^
^^^^^^^^^^^^
  File "C:\Users\asus v
ivoBook\AppData\Local\P
rograms\Python\Python31
2\Lib\site-packages\_py
test\config\__init__.py
", line 1186, in 
pytest_cmdline_parse
    self.parse(args)
  File "C:\Users\asus v
ivoBook\AppData\Local\P
rograms\Python\Python31
2\Lib\site-packages\_py
test\config\__init__.py
", line 1539, in parse
    self.pluginmanager.
load_setuptools_entrypo
ints("pytest11")
  File "C:\Users\asus v
ivoBook\AppData\Local\P
rograms\Python\Python31
2\Lib\site-packages\plu
ggy\_manager.py", line 
416, in load_setuptools
_entrypoints
    plugin = ep.load()
             ^^^^^^^^^
  File "C:\Users\asus v
ivoBook\AppData\Local\P
rograms\Python\Python31
2\Lib\importlib\metadat
a\__init__.py", line 
205, in load
    module = import_mod
ule(match.group('module
'))
             ^^^^^^^^^^
^^^^^^^^^^^^^^^^^^^^^^^
^^^
  File "C:\Users\asus v
ivoBook\AppData\Local\P
rograms\Python\Python31
2\Lib\importlib\__init_
_.py", line 90, in 
import_module
    return _bootstrap._
gcd_import(name[level:]
, package, level)
           ^^^^^^^^^^^^
^^^^^^^^^^^^^^^^^^^^^^^
^^^^^^^^^^^^^^^^^
  File "<frozen importl
ib._bootstrap>", line 
1387, in _gcd_import
  File "<frozen importl
ib._bootstrap>", line 
1360, in _find_and_load
  File "<frozen importl
ib._bootstrap>", line 
1310, in 
_find_and_load_unlocked
  File "<frozen importl
ib._bootstrap>", line 
488, in _call_with_fram
es_removed
  File "<frozen importl
ib._bootstrap>", line 
1387, in _gcd_import
  File "<frozen importl
ib._bootstrap>", line 
1360, in _find_and_load
  File "<frozen importl
ib._bootstrap>", line 
1310, in 
_find_and_load_unlocked
  File "<frozen importl
ib._bootstrap>", line 
488, in _call_with_fram
es_removed
  File "<frozen importl
ib._bootstrap>", line 
1387, in _gcd_import
  File "<frozen importl
ib._bootstrap>", line 
1360, in _find_and_load
  File "<frozen importl
ib._bootstrap>", line 
1331, in 
_find_and_load_unlocked
  File "<frozen importl
ib._bootstrap>", line 
935, in _load_unlocked
  File "C:\Users\asus v
ivoBook\AppData\Local\P
rograms\Python\Python31
2\Lib\site-packages\_py
test\assertion\rewrite.
py", line 197, in 
exec_module
    exec(co, 
module.__dict__)
  File "C:\Users\asus v
ivoBook\AppData\Local\P
rograms\Python\Python31
2\Lib\site-packages\hyd
ra\__init__.py", line 
5, in <module>
    from hydra import 
utils
  File "<frozen importl
ib._bootstrap>", line 
1360, in _find_and_load
  File "<frozen importl
ib._bootstrap>", line 
1331, in 
_find_and_load_unlocked
  File "<frozen importl
ib._bootstrap>", line 
935, in _load_unlocked
  File "C:\Users\asus v
ivoBook\AppData\Local\P
rograms\Python\Python31
2\Lib\site-packages\_py
test\assertion\rewrite.
py", line 197, in 
exec_module
    exec(co, 
module.__dict__)
  File "C:\Users\asus v
ivoBook\AppData\Local\P
rograms\Python\Python31
2\Lib\site-packages\hyd
ra\utils.py", line 8, 
in <module>
    import hydra._inter
nal.instantiate._instan
tiate2
  File "<frozen importl
ib._bootstrap>", line 
1360, in _find_and_load
  File "<frozen importl
ib._bootstrap>", line 
1331, in 
_find_and_load_unlocked
  File "<frozen importl
ib._bootstrap>", line 
935, in _load_unlocked
  File "C:\Users\asus v
ivoBook\AppData\Local\P
rograms\Python\Python31
2\Lib\site-packages\_py
test\assertion\rewrite.
py", line 197, in 
exec_module
    exec(co, 
module.__dict__)
  File "C:\Users\asus v
ivoBook\AppData\Local\P
rograms\Python\Python31
2\Lib\site-packages\hyd
ra\_internal\instantiat
e\_instantiate2.py", 
line 9, in <module>
    from omegaconf 
import OmegaConf, 
SCMode
  File "C:\Users\asus v
ivoBook\AppData\Local\P
rograms\Python\Python31
2\Lib\site-packages\ome
gaconf\__init__.py", 
line 1, in <module>
    from .base import 
Container, 
DictKeyType, Node, 
SCMode, UnionNode
  File "C:\Users\asus v
ivoBook\AppData\Local\P
rograms\Python\Python31
2\Lib\site-packages\ome
gaconf\base.py", line 
11, in <module>
    from ._utils 
import (
  File "C:\Users\asus v
ivoBook\AppData\Local\P
rograms\Python\Python31
2\Lib\site-packages\ome
gaconf\_utils.py", 
line 34, in <module>
    from 
.grammar_parser import 
SIMPLE_INTERPOLATION_PA
TTERN, parse
  File "C:\Users\asus v
ivoBook\AppData\Local\P
rograms\Python\Python31
2\Lib\site-packages\ome
gaconf\grammar_parser.p
y", line 12, in 
<module>
    from 
.grammar_visitor 
import (  # type: 
ignore
  File "C:\Users\asus v
ivoBook\AppData\Local\P
rograms\Python\Python31
2\Lib\site-packages\ome
gaconf\grammar_visitor.
py", line 25, in 
<module>
    from omegaconf.gram
mar.gen.OmegaConfGramma
rLexer import 
OmegaConfGrammarLexer
  File "C:\Users\asus v
ivoBook\AppData\Local\P
rograms\Python\Python31
2\Lib\site-packages\ome
gaconf\grammar\gen\Omeg
aConfGrammarLexer.py", 
line 258, in <module>
    class OmegaConfGram
marLexer(Lexer):
  File "C:\Users\asus v
ivoBook\AppData\Local\P
rograms\Python\Python31
2\Lib\site-packages\ome
gaconf\grammar\gen\Omeg
aConfGrammarLexer.py", 
line 260, in 
OmegaConfGrammarLexer
    atn = ATNDeserializ
er().deserialize(serial
izedATN())
          ^^^^^^^^^^^^^
^^^^^^^^^^^^^^^^^^^^^^^
^^^^^^^^^^
  File "C:\Users\asus v
ivoBook\AppData\Local\P
rograms\Python\Python31
2\Lib\site-packages\ant
lr4\atn\ATNDeserializer
.py", line 28, in 
deserialize
    self.checkVersion()
  File "C:\Users\asus v
ivoBook\AppData\Local\P
rograms\Python\Python31
2\Lib\site-packages\ant
lr4\atn\ATNDeserializer
.py", line 50, in 
checkVersion
    raise 
Exception("Could not 
deserialize ATN with 
version {} (expected {}
).".format(ord(version)
, SERIALIZED_VERSION))
Exception: Could not 
deserialize ATN with 
version 3 (expected 4).
